<testsuites name="jest tests" tests="29" failures="0" time="2.849">
  <testsuite name="Truck" errors="0" failures="0" skipped="0" timestamp="2018-09-24T21:26:06" time="0.99" tests="5">
    <testcase classname="Truck Truck capacity is set by constructor" name="Truck Truck capacity is set by constructor" time="0.009">
    </testcase>
    <testcase classname="Truck Truck is empty before loading" name="Truck Truck is empty before loading" time="0">
    </testcase>
    <testcase classname="Truck Truck is not empty after loading" name="Truck Truck is not empty after loading" time="0.001">
    </testcase>
    <testcase classname="Truck Shipment is not delivered if transport is not loaded" name="Truck Shipment is not delivered if transport is not loaded" time="0">
    </testcase>
    <testcase classname="Truck Truck is empty after delivering" name="Truck Truck is empty after delivering" time="0.001">
    </testcase>
  </testsuite>
  <testsuite name="GroundShipment" errors="0" failures="0" skipped="0" timestamp="2018-09-24T21:26:06" time="1.013" tests="3">
    <testcase classname="GroundShipment Goods amount is set by constructor" name="GroundShipment Goods amount is set by constructor" time="0.005">
    </testcase>
    <testcase classname="GroundShipment Transport type is set correctly" name="GroundShipment Transport type is set correctly" time="0.001">
    </testcase>
    <testcase classname="GroundShipment Cannot create ground trasport of type not equal to ground transport" name="GroundShipment Cannot create ground trasport of type not equal to ground transport" time="0.001">
    </testcase>
  </testsuite>
  <testsuite name="Ship" errors="0" failures="0" skipped="0" timestamp="2018-09-24T21:26:06" time="1.025" tests="5">
    <testcase classname="Ship Ship capacity is set by constructor" name="Ship Ship capacity is set by constructor" time="0.005">
    </testcase>
    <testcase classname="Ship Ship is empty before loading" name="Ship Ship is empty before loading" time="0">
    </testcase>
    <testcase classname="Ship Ship is not empty after loading" name="Ship Ship is not empty after loading" time="0.001">
    </testcase>
    <testcase classname="Ship Shipment is not delivered if transport is not loaded" name="Ship Shipment is not delivered if transport is not loaded" time="0.001">
    </testcase>
    <testcase classname="Ship Ship is empty after delivering" name="Ship Ship is empty after delivering" time="0">
    </testcase>
  </testsuite>
  <testsuite name="Plane" errors="0" failures="0" skipped="0" timestamp="2018-09-24T21:26:06" time="1.038" tests="5">
    <testcase classname="Plane Plane capacity is set by constructor" name="Plane Plane capacity is set by constructor" time="0.006">
    </testcase>
    <testcase classname="Plane Plane is empty before loading" name="Plane Plane is empty before loading" time="0">
    </testcase>
    <testcase classname="Plane Plane is not empty after loading" name="Plane Plane is not empty after loading" time="0.001">
    </testcase>
    <testcase classname="Plane Shipment is not delivered if transport is not loaded" name="Plane Shipment is not delivered if transport is not loaded" time="0.001">
    </testcase>
    <testcase classname="Plane Plane is empty after delivering" name="Plane Plane is empty after delivering" time="0">
    </testcase>
  </testsuite>
  <testsuite name="Train" errors="0" failures="0" skipped="0" timestamp="2018-09-24T21:26:06" time="1.048" tests="5">
    <testcase classname="Train Train capacity is set by constructor" name="Train Train capacity is set by constructor" time="0.006">
    </testcase>
    <testcase classname="Train Train is empty before loading" name="Train Train is empty before loading" time="0">
    </testcase>
    <testcase classname="Train Train is not empty after loading" name="Train Train is not empty after loading" time="0.001">
    </testcase>
    <testcase classname="Train Shipment is not delivered if transport is not loaded" name="Train Shipment is not delivered if transport is not loaded" time="0">
    </testcase>
    <testcase classname="Train Train is empty after delivering" name="Train Train is empty after delivering" time="0.001">
    </testcase>
  </testsuite>
  <testsuite name="SeaShipment" errors="0" failures="0" skipped="0" timestamp="2018-09-24T21:26:06" time="1.037" tests="2">
    <testcase classname="SeaShipment Goods amount is set by constructor" name="SeaShipment Goods amount is set by constructor" time="0.004">
    </testcase>
    <testcase classname="SeaShipment Transport type is set correctly" name="SeaShipment Transport type is set correctly" time="0.001">
    </testcase>
  </testsuite>
  <testsuite name="Singleton tests" errors="0" failures="0" skipped="0" timestamp="2018-09-24T21:26:07" time="0.054" tests="2">
    <testcase classname="Singleton tests Singleton instance is always the same" name="Singleton tests Singleton instance is always the same" time="0.001">
    </testcase>
    <testcase classname="Singleton tests Creating a new instance return the already existing one" name="Singleton tests Creating a new instance return the already existing one" time="0">
    </testcase>
  </testsuite>
  <testsuite name="AirShipment" errors="0" failures="0" skipped="0" timestamp="2018-09-24T21:26:06" time="1.062" tests="2">
    <testcase classname="AirShipment Goods amount is set by constructor" name="AirShipment Goods amount is set by constructor" time="0.005">
    </testcase>
    <testcase classname="AirShipment Transport type is set correctly" name="AirShipment Transport type is set correctly" time="0.001">
    </testcase>
  </testsuite>
</testsuites>